******************************************************************************
                  TI ARM Linker PC v20.2.7                     
******************************************************************************
>> Linked Sun May  7 22:37:06 2023

OUTPUT FILE NAME:   <laboratorio08.out>
ENTRY POINT SYMBOL: "_c_int00_noargs"  address: 00000add


MEMORY CONFIGURATION

         name            origin    length      used     unused   attr    fill
----------------------  --------  ---------  --------  --------  ----  --------
  FLASH                 00000000   00040000  00000e20  0003f1e0  R  X
  SRAM                  20000000   00008000  0000020d  00007df3  RW X


SEGMENT ALLOCATION MAP

run origin  load origin   length   init length attrs members
----------  ----------- ---------- ----------- ----- -------
00000000    00000000    00000e20   00000e20    r-x
  00000000    00000000    0000026c   0000026c    r-- .intvecs
  0000026c    0000026c    00000a18   00000a18    r-x .text
  00000c84    00000c84    0000016c   0000016c    r-- .const
  00000df0    00000df0    00000030   00000030    r-- .cinit
20000000    20000000    0000020d   00000000    rw-
  20000000    20000000    00000200   00000000    rw- .stack
  20000200    20000200    0000000c   00000000    rw- .data
  2000020c    2000020c    00000001   00000000    rw- .bss


SECTION ALLOCATION MAP

 output                                  attributes/
section   page    origin      length       input sections
--------  ----  ----------  ----------   ----------------
.intvecs   0    00000000    0000026c     
                  00000000    0000026c     tm4c123gh6pm_startup_ccs.obj (.intvecs)

.text      0    0000026c    00000a18     
                  0000026c    0000022c     main.obj (.text)
                  00000498    00000132     driverlib.lib : gpio.obj (.text:GPIOPadConfigSet)
                  000005ca    00000002     --HOLE-- [fill = 0]
                  000005cc    00000110                   : sysctl.obj (.text:SysCtlClockGet)
                  000006dc    000000f4                   : sysctl.obj (.text:SysCtlClockSet)
                  000007d0    0000009c     rtsv7M4_T_le_v4SPD16_eabi.lib : memcpy_t2.asm.obj (.text)
                  0000086c    00000068     driverlib.lib : interrupt.obj (.text:IntEnable)
                  000008d4    00000068     rtsv7M4_T_le_v4SPD16_eabi.lib : copy_decompress_lzss.c.obj (.text:decompress:lzss:__TI_decompress_lzss)
                  0000093c    00000060     driverlib.lib : timer.obj (.text:TimerConfigure)
                  0000099c    00000048                   : gpio.obj (.text:GPIOPinConfigure)
                  000009e4    00000046                   : uart.obj (.text:UARTConfigSetExpClk)
                  00000a2a    00000002     --HOLE-- [fill = 0]
                  00000a2c    00000044     rtsv7M4_T_le_v4SPD16_eabi.lib : autoinit.c.obj (.text:__TI_auto_init_nobinit_nopinit:__TI_auto_init_nobinit_nopinit)
                  00000a70    00000038     driverlib.lib : sysctl.obj (.text:SysCtlPeripheralReady)
                  00000aa8    00000034                   : sysctl.obj (.text:SysCtlPeripheralEnable)
                  00000adc    00000034     rtsv7M4_T_le_v4SPD16_eabi.lib : boot_cortex_m.c.obj (.text:_c_int00_noargs:_c_int00_noargs)
                  00000b10    0000002a     driverlib.lib : gpio.obj (.text:GPIODirModeSet)
                  00000b3a    00000002     --HOLE-- [fill = 0]
                  00000b3c    00000020                   : uart.obj (.text:UARTDisable)
                  00000b5c    0000001c     rtsv7M4_T_le_v4SPD16_eabi.lib : copy_zero_init.c.obj (.text:decompress:ZI:__TI_zero_init_nomemset:__TI_zero_init_nomemset)
                  00000b78    00000018     driverlib.lib : gpio.obj (.text:GPIOPinTypeGPIOOutput)
                  00000b90    00000014                   : systick.obj (.text:SysTickDisable)
                  00000ba4    00000014                   : systick.obj (.text:SysTickEnable)
                  00000bb8    00000014                   : uart.obj (.text:UARTEnable)
                  00000bcc    00000012                   : gpio.obj (.text:GPIOPinTypeUART)
                  00000bde    00000012                   : timer.obj (.text:TimerLoadSet)
                  00000bf0    00000010                   : interrupt.obj (.text:IntMasterEnable)
                  00000c00    00000010                   : systick.obj (.text:SysTickPeriodSet)
                  00000c10    0000000e                   : timer.obj (.text:TimerEnable)
                  00000c1e    0000000e                   : uart.obj (.text:UARTCharGetNonBlocking)
                  00000c2c    0000000e     rtsv7M4_T_le_v4SPD16_eabi.lib : copy_decompress_none.c.obj (.text:decompress:none:__TI_decompress_none)
                  00000c3a    0000000c     driverlib.lib : cpu.obj (.text:CPUcpsie)
                  00000c46    0000000c     tm4c123gh6pm_startup_ccs.obj (.text)
                  00000c52    00000008     driverlib.lib : timer.obj (.text:TimerIntEnable)
                  00000c5a    00000008                   : uart.obj (.text:UARTIntEnable)
                  00000c62    00000006                   : gpio.obj (.text:GPIOPinRead)
                  00000c68    00000006                   : gpio.obj (.text:GPIOPinWrite)
                  00000c6e    00000006                   : sysctl.obj (.text:SysCtlDelay)
                  00000c74    00000004                   : timer.obj (.text:TimerIntClear)
                  00000c78    00000004                   : uart.obj (.text:UARTIntClear)
                  00000c7c    00000004     rtsv7M4_T_le_v4SPD16_eabi.lib : pre_init.c.obj (.text:_system_pre_init)
                  00000c80    00000004                                   : exit.c.obj (.text:abort:abort)

.const     0    00000c84    0000016c     
                  00000c84    00000090     driverlib.lib : gpio.obj (.const:g_pui32GPIOBaseAddrs)
                  00000d14    00000070                   : interrupt.obj (.const)
                  00000d84    0000006c                   : sysctl.obj (.const:g_pui32Xtals)

.cinit     0    00000df0    00000030     
                  00000df0    0000000c     (__TI_handler_table)
                  00000dfc    00000004     --HOLE-- [fill = 0]
                  00000e00    00000008     (.cinit..bss.load) [load image, compression = zero_init]
                  00000e08    00000007     (.cinit..data.load) [load image, compression = lzss]
                  00000e0f    00000001     --HOLE-- [fill = 0]
                  00000e10    00000010     (__TI_cinit_table)

.init_array 
*          0    00000000    00000000     UNINITIALIZED

.data      0    20000200    0000000c     UNINITIALIZED
                  20000200    0000000c     main.obj (.data)

.bss       0    2000020c    00000001     UNINITIALIZED
                  2000020c    00000001     (.common:receivedChar)

.stack     0    20000000    00000200     UNINITIALIZED
                  20000000    00000004     rtsv7M4_T_le_v4SPD16_eabi.lib : boot_cortex_m.c.obj (.stack)
                  20000004    000001fc     --HOLE--

__llvm_prf_cnts 
*          0    20000000    00000000     UNINITIALIZED

MODULE SUMMARY

       Module                         code   ro data   rw data
       ------                         ----   -------   -------
    .\
       tm4c123gh6pm_startup_ccs.obj   12     620       0      
       main.obj                       556    0         13     
    +--+------------------------------+------+---------+---------+
       Total:                         568    620       13     
                                                              
    C:/Users/gaban/OneDrive/Documentos/programas/Tivaware/driverlib/ccs/Debug/driverlib.lib
       sysctl.obj                     630    108       0      
       gpio.obj                       474    144       0      
       interrupt.obj                  120    112       0      
       uart.obj                       148    0         0      
       timer.obj                      140    0         0      
       systick.obj                    56     0         0      
       cpu.obj                        12     0         0      
    +--+------------------------------+------+---------+---------+
       Total:                         1580   364       0      
                                                              
    C:\Users\gaban\OneDrive\Documentos\programas\Tivaware\ccs\tools\compiler\ti-cgt-arm_20.2.7.LTS\lib\rtsv7M4_T_le_v4SPD16_eabi.lib
       memcpy_t2.asm.obj              156    0         0      
       copy_decompress_lzss.c.obj     104    0         0      
       autoinit.c.obj                 68     0         0      
       boot_cortex_m.c.obj            52     0         0      
       copy_zero_init.c.obj           28     0         0      
       copy_decompress_none.c.obj     14     0         0      
       exit.c.obj                     4      0         0      
       pre_init.c.obj                 4      0         0      
    +--+------------------------------+------+---------+---------+
       Total:                         430    0         0      
                                                              
       Stack:                         0      0         512    
       Linker Generated:              0      43        0      
    +--+------------------------------+------+---------+---------+
       Grand Total:                   2578   1027      525    


LINKER GENERATED COPY TABLES

__TI_cinit_table @ 00000e10 records: 2, size/record: 8, table size: 16
	.bss: load addr=00000e00, load size=00000008 bytes, run addr=2000020c, run size=00000001 bytes, compression=zero_init
	.data: load addr=00000e08, load size=00000007 bytes, run addr=20000200, run size=0000000c bytes, compression=lzss


LINKER GENERATED HANDLER TABLE

__TI_handler_table @ 00000df0 records: 3, size/record: 4, table size: 12
	index: 0, handler: __TI_decompress_lzss
	index: 1, handler: __TI_decompress_none
	index: 2, handler: __TI_zero_init


GLOBAL SYMBOLS: SORTED ALPHABETICALLY BY Name 

address   name                          
-------   ----                          
00000c81  C$$EXIT                       
00000c3b  CPUcpsie                      
00000b11  GPIODirModeSet                
00000499  GPIOPadConfigSet              
0000099d  GPIOPinConfigure              
00000c63  GPIOPinRead                   
00000b79  GPIOPinTypeGPIOOutput         
00000bcd  GPIOPinTypeUART               
00000c69  GPIOPinWrite                  
0000086d  IntEnable                     
00000bf1  IntMasterEnable               
00000c47  ResetISR                      
000005cd  SysCtlClockGet                
000006dd  SysCtlClockSet                
00000c6f  SysCtlDelay                   
00000aa9  SysCtlPeripheralEnable        
00000a71  SysCtlPeripheralReady         
00000b91  SysTickDisable                
00000ba5  SysTickEnable                 
00000c01  SysTickPeriodSet              
0000026d  Timer0IntHandler              
0000093d  TimerConfigure                
00000c11  TimerEnable                   
00000c75  TimerIntClear                 
00000c53  TimerIntEnable                
00000bdf  TimerLoadSet                  
0000028f  UART0IntHandler               
00000c1f  UARTCharGetNonBlocking        
000009e5  UARTConfigSetExpClk           
00000b3d  UARTDisable                   
00000bb9  UARTEnable                    
00000c79  UARTIntClear                  
00000c5b  UARTIntEnable                 
0000040d  UARTset                       
20000200  __STACK_END                   
00000200  __STACK_SIZE                  
20000200  __STACK_TOP                   
00000e10  __TI_CINIT_Base               
00000e20  __TI_CINIT_Limit              
00000df0  __TI_Handler_Table_Base       
00000dfc  __TI_Handler_Table_Limit      
00000a2d  __TI_auto_init_nobinit_nopinit
000008d5  __TI_decompress_lzss          
00000c2d  __TI_decompress_none          
ffffffff  __TI_pprof_out_hndl           
ffffffff  __TI_prof_data_size           
ffffffff  __TI_prof_data_start          
00000000  __TI_static_base__            
00000b5d  __TI_zero_init_nomemset       
000007d1  __aeabi_memcpy                
000007d1  __aeabi_memcpy4               
000007d1  __aeabi_memcpy8               
ffffffff  __binit__                     
ffffffff  __c_args__                    
UNDEFED   __mpu_init                    
20000000  __stack                       
20000000  __start___llvm_prf_cnts       
20000000  __stop___llvm_prf_cnts        
00000add  _c_int00_noargs               
UNDEFED   _system_post_cinit            
00000c7d  _system_pre_init              
00000c81  abort                         
ffffffff  binit                         
00000337  delay                         
00000363  delay1ms                      
00000000  g_pfnVectors                  
20000200  i                             
00000319  main                          
000007d1  memcpy                        
0000037f  pinset                        
2000020c  receivedChar                  
000003bf  tmr0set                       
20000208  ui32LoadValue                 
20000204  ui32SysClock                  


GLOBAL SYMBOLS: SORTED BY Symbol Address 

address   name                          
-------   ----                          
00000000  __TI_static_base__            
00000000  g_pfnVectors                  
00000200  __STACK_SIZE                  
0000026d  Timer0IntHandler              
0000028f  UART0IntHandler               
00000319  main                          
00000337  delay                         
00000363  delay1ms                      
0000037f  pinset                        
000003bf  tmr0set                       
0000040d  UARTset                       
00000499  GPIOPadConfigSet              
000005cd  SysCtlClockGet                
000006dd  SysCtlClockSet                
000007d1  __aeabi_memcpy                
000007d1  __aeabi_memcpy4               
000007d1  __aeabi_memcpy8               
000007d1  memcpy                        
0000086d  IntEnable                     
000008d5  __TI_decompress_lzss          
0000093d  TimerConfigure                
0000099d  GPIOPinConfigure              
000009e5  UARTConfigSetExpClk           
00000a2d  __TI_auto_init_nobinit_nopinit
00000a71  SysCtlPeripheralReady         
00000aa9  SysCtlPeripheralEnable        
00000add  _c_int00_noargs               
00000b11  GPIODirModeSet                
00000b3d  UARTDisable                   
00000b5d  __TI_zero_init_nomemset       
00000b79  GPIOPinTypeGPIOOutput         
00000b91  SysTickDisable                
00000ba5  SysTickEnable                 
00000bb9  UARTEnable                    
00000bcd  GPIOPinTypeUART               
00000bdf  TimerLoadSet                  
00000bf1  IntMasterEnable               
00000c01  SysTickPeriodSet              
00000c11  TimerEnable                   
00000c1f  UARTCharGetNonBlocking        
00000c2d  __TI_decompress_none          
00000c3b  CPUcpsie                      
00000c47  ResetISR                      
00000c53  TimerIntEnable                
00000c5b  UARTIntEnable                 
00000c63  GPIOPinRead                   
00000c69  GPIOPinWrite                  
00000c6f  SysCtlDelay                   
00000c75  TimerIntClear                 
00000c79  UARTIntClear                  
00000c7d  _system_pre_init              
00000c81  C$$EXIT                       
00000c81  abort                         
00000df0  __TI_Handler_Table_Base       
00000dfc  __TI_Handler_Table_Limit      
00000e10  __TI_CINIT_Base               
00000e20  __TI_CINIT_Limit              
20000000  __stack                       
20000000  __start___llvm_prf_cnts       
20000000  __stop___llvm_prf_cnts        
20000200  __STACK_END                   
20000200  __STACK_TOP                   
20000200  i                             
20000204  ui32SysClock                  
20000208  ui32LoadValue                 
2000020c  receivedChar                  
ffffffff  __TI_pprof_out_hndl           
ffffffff  __TI_prof_data_size           
ffffffff  __TI_prof_data_start          
ffffffff  __binit__                     
ffffffff  __c_args__                    
ffffffff  binit                         
UNDEFED   __mpu_init                    
UNDEFED   _system_post_cinit            

[74 symbols]
