******************************************************************************
                  TI ARM Linker PC v20.2.7                     
******************************************************************************
>> Linked Sun May  7 21:16:46 2023

OUTPUT FILE NAME:   <laboratorio08.out>
ENTRY POINT SYMBOL: "_c_int00_noargs"  address: 00000961


MEMORY CONFIGURATION

         name            origin    length      used     unused   attr    fill
----------------------  --------  ---------  --------  --------  ----  --------
  FLASH                 00000000   00040000  00000b82  0003f47e  R  X
  SRAM                  20000000   00008000  0000020c  00007df4  RW X


SEGMENT ALLOCATION MAP

run origin  load origin   length   init length attrs members
----------  ----------- ---------- ----------- ----- -------
00000000    00000000    00000b88   00000b88    r-x
  00000000    00000000    0000026c   0000026c    r-- .intvecs
  0000026c    0000026c    00000822   00000822    r-x .text
  00000a90    00000a90    000000dc   000000dc    r-- .const
  00000b70    00000b70    00000018   00000018    r-- .cinit
20000000    20000000    0000020c   00000000    rw-
  20000000    20000000    00000200   00000000    rw- .stack
  20000200    20000200    0000000c   00000000    rw- .data


SECTION ALLOCATION MAP

 output                                  attributes/
section   page    origin      length       input sections
--------  ----  ----------  ----------   ----------------
.intvecs   0    00000000    0000026c     
                  00000000    0000026c     tm4c123gh6pm_startup_ccs.obj (.intvecs)

.text      0    0000026c    00000822     
                  0000026c    00000140     main.obj (.text)
                  000003ac    00000132     driverlib.lib : gpio.obj (.text:GPIOPadConfigSet)
                  000004de    00000002     --HOLE-- [fill = 0]
                  000004e0    00000110                   : sysctl.obj (.text:SysCtlClockGet)
                  000005f0    000000f4                   : sysctl.obj (.text:SysCtlClockSet)
                  000006e4    0000009c     rtsv7M4_T_le_v4SPD16_eabi.lib : memcpy_t2.asm.obj (.text)
                  00000780    00000068     driverlib.lib : interrupt.obj (.text:IntEnable)
                  000007e8    00000068     rtsv7M4_T_le_v4SPD16_eabi.lib : copy_decompress_lzss.c.obj (.text:decompress:lzss:__TI_decompress_lzss)
                  00000850    00000060     driverlib.lib : timer.obj (.text:TimerConfigure)
                  000008b0    00000044     rtsv7M4_T_le_v4SPD16_eabi.lib : autoinit.c.obj (.text:__TI_auto_init_nobinit_nopinit:__TI_auto_init_nobinit_nopinit)
                  000008f4    00000038     driverlib.lib : sysctl.obj (.text:SysCtlPeripheralReady)
                  0000092c    00000034                   : sysctl.obj (.text:SysCtlPeripheralEnable)
                  00000960    00000034     rtsv7M4_T_le_v4SPD16_eabi.lib : boot_cortex_m.c.obj (.text:_c_int00_noargs:_c_int00_noargs)
                  00000994    0000002a     driverlib.lib : gpio.obj (.text:GPIODirModeSet)
                  000009be    00000018                   : gpio.obj (.text:GPIOPinTypeGPIOOutput)
                  000009d6    00000002     --HOLE-- [fill = 0]
                  000009d8    00000014                   : systick.obj (.text:SysTickDisable)
                  000009ec    00000014                   : systick.obj (.text:SysTickEnable)
                  00000a00    00000012                   : timer.obj (.text:TimerLoadSet)
                  00000a12    00000010                   : interrupt.obj (.text:IntMasterEnable)
                  00000a22    00000002     --HOLE-- [fill = 0]
                  00000a24    00000010                   : systick.obj (.text:SysTickPeriodSet)
                  00000a34    0000000e                   : timer.obj (.text:TimerEnable)
                  00000a42    0000000e     rtsv7M4_T_le_v4SPD16_eabi.lib : copy_decompress_none.c.obj (.text:decompress:none:__TI_decompress_none)
                  00000a50    0000000c     driverlib.lib : cpu.obj (.text:CPUcpsie)
                  00000a5c    0000000c     tm4c123gh6pm_startup_ccs.obj (.text)
                  00000a68    00000008     driverlib.lib : timer.obj (.text:TimerIntEnable)
                  00000a70    00000006                   : gpio.obj (.text:GPIOPinRead)
                  00000a76    00000006                   : gpio.obj (.text:GPIOPinWrite)
                  00000a7c    00000006                   : sysctl.obj (.text:SysCtlDelay)
                  00000a82    00000004                   : timer.obj (.text:TimerIntClear)
                  00000a86    00000004     rtsv7M4_T_le_v4SPD16_eabi.lib : pre_init.c.obj (.text:_system_pre_init)
                  00000a8a    00000004                                   : exit.c.obj (.text:abort:abort)

.const     0    00000a90    000000dc     
                  00000a90    00000070     driverlib.lib : interrupt.obj (.const)
                  00000b00    0000006c                   : sysctl.obj (.const:g_pui32Xtals)

.cinit     0    00000b70    00000018     
                  00000b70    00000008     (__TI_handler_table)
                  00000b78    00000007     (.cinit..data.load) [load image, compression = lzss]
                  00000b7f    00000001     --HOLE-- [fill = 0]
                  00000b80    00000008     (__TI_cinit_table)

.init_array 
*          0    00000000    00000000     UNINITIALIZED

.data      0    20000200    0000000c     UNINITIALIZED
                  20000200    0000000c     main.obj (.data)

.stack     0    20000000    00000200     UNINITIALIZED
                  20000000    00000004     rtsv7M4_T_le_v4SPD16_eabi.lib : boot_cortex_m.c.obj (.stack)
                  20000004    000001fc     --HOLE--

__llvm_prf_cnts 
*          0    20000000    00000000     UNINITIALIZED

MODULE SUMMARY

       Module                         code   ro data   rw data
       ------                         ----   -------   -------
    .\
       tm4c123gh6pm_startup_ccs.obj   12     620       0      
       main.obj                       320    0         12     
    +--+------------------------------+------+---------+---------+
       Total:                         332    620       12     
                                                              
    C:/Users/gaban/OneDrive/Documentos/programas/Tivaware/driverlib/ccs/Debug/driverlib.lib
       sysctl.obj                     630    108       0      
       gpio.obj                       384    0         0      
       interrupt.obj                  120    112       0      
       timer.obj                      140    0         0      
       systick.obj                    56     0         0      
       cpu.obj                        12     0         0      
    +--+------------------------------+------+---------+---------+
       Total:                         1342   220       0      
                                                              
    C:\Users\gaban\OneDrive\Documentos\programas\Tivaware\ccs\tools\compiler\ti-cgt-arm_20.2.7.LTS\lib\rtsv7M4_T_le_v4SPD16_eabi.lib
       memcpy_t2.asm.obj              156    0         0      
       copy_decompress_lzss.c.obj     104    0         0      
       autoinit.c.obj                 68     0         0      
       boot_cortex_m.c.obj            52     0         0      
       copy_decompress_none.c.obj     14     0         0      
       exit.c.obj                     4      0         0      
       pre_init.c.obj                 4      0         0      
    +--+------------------------------+------+---------+---------+
       Total:                         402    0         0      
                                                              
       Stack:                         0      0         512    
       Linker Generated:              0      23        0      
    +--+------------------------------+------+---------+---------+
       Grand Total:                   2076   863       524    


LINKER GENERATED COPY TABLES

__TI_cinit_table @ 00000b80 records: 1, size/record: 8, table size: 8
	.data: load addr=00000b78, load size=00000007 bytes, run addr=20000200, run size=0000000c bytes, compression=lzss


LINKER GENERATED HANDLER TABLE

__TI_handler_table @ 00000b70 records: 2, size/record: 4, table size: 8
	index: 0, handler: __TI_decompress_lzss
	index: 1, handler: __TI_decompress_none


GLOBAL SYMBOLS: SORTED ALPHABETICALLY BY Name 

address   name                          
-------   ----                          
00000a8b  C$$EXIT                       
00000a51  CPUcpsie                      
00000995  GPIODirModeSet                
000003ad  GPIOPadConfigSet              
00000a71  GPIOPinRead                   
000009bf  GPIOPinTypeGPIOOutput         
00000a77  GPIOPinWrite                  
00000781  IntEnable                     
00000a13  IntMasterEnable               
00000a5d  ResetISR                      
000004e1  SysCtlClockGet                
000005f1  SysCtlClockSet                
00000a7d  SysCtlDelay                   
0000092d  SysCtlPeripheralEnable        
000008f5  SysCtlPeripheralReady         
000009d9  SysTickDisable                
000009ed  SysTickEnable                 
00000a25  SysTickPeriodSet              
0000026d  Timer0IntHandler              
00000851  TimerConfigure                
00000a35  TimerEnable                   
00000a83  TimerIntClear                 
00000a69  TimerIntEnable                
00000a01  TimerLoadSet                  
20000200  __STACK_END                   
00000200  __STACK_SIZE                  
20000200  __STACK_TOP                   
00000b80  __TI_CINIT_Base               
00000b88  __TI_CINIT_Limit              
00000b70  __TI_Handler_Table_Base       
00000b78  __TI_Handler_Table_Limit      
000008b1  __TI_auto_init_nobinit_nopinit
000007e9  __TI_decompress_lzss          
00000a43  __TI_decompress_none          
ffffffff  __TI_pprof_out_hndl           
ffffffff  __TI_prof_data_size           
ffffffff  __TI_prof_data_start          
00000000  __TI_static_base__            
000006e5  __aeabi_memcpy                
000006e5  __aeabi_memcpy4               
000006e5  __aeabi_memcpy8               
ffffffff  __binit__                     
ffffffff  __c_args__                    
UNDEFED   __mpu_init                    
20000000  __stack                       
20000000  __start___llvm_prf_cnts       
20000000  __stop___llvm_prf_cnts        
00000961  _c_int00_noargs               
UNDEFED   _system_post_cinit            
00000a87  _system_pre_init              
00000a8b  abort                         
ffffffff  binit                         
000002a9  delay                         
000002d5  delay1ms                      
00000000  g_pfnVectors                  
20000200  i                             
0000028f  main                          
000006e5  memcpy                        
000002f1  pinset                        
00000331  tmr0set                       
20000208  ui32LoadValue                 
20000204  ui32SysClock                  


GLOBAL SYMBOLS: SORTED BY Symbol Address 

address   name                          
-------   ----                          
00000000  __TI_static_base__            
00000000  g_pfnVectors                  
00000200  __STACK_SIZE                  
0000026d  Timer0IntHandler              
0000028f  main                          
000002a9  delay                         
000002d5  delay1ms                      
000002f1  pinset                        
00000331  tmr0set                       
000003ad  GPIOPadConfigSet              
000004e1  SysCtlClockGet                
000005f1  SysCtlClockSet                
000006e5  __aeabi_memcpy                
000006e5  __aeabi_memcpy4               
000006e5  __aeabi_memcpy8               
000006e5  memcpy                        
00000781  IntEnable                     
000007e9  __TI_decompress_lzss          
00000851  TimerConfigure                
000008b1  __TI_auto_init_nobinit_nopinit
000008f5  SysCtlPeripheralReady         
0000092d  SysCtlPeripheralEnable        
00000961  _c_int00_noargs               
00000995  GPIODirModeSet                
000009bf  GPIOPinTypeGPIOOutput         
000009d9  SysTickDisable                
000009ed  SysTickEnable                 
00000a01  TimerLoadSet                  
00000a13  IntMasterEnable               
00000a25  SysTickPeriodSet              
00000a35  TimerEnable                   
00000a43  __TI_decompress_none          
00000a51  CPUcpsie                      
00000a5d  ResetISR                      
00000a69  TimerIntEnable                
00000a71  GPIOPinRead                   
00000a77  GPIOPinWrite                  
00000a7d  SysCtlDelay                   
00000a83  TimerIntClear                 
00000a87  _system_pre_init              
00000a8b  C$$EXIT                       
00000a8b  abort                         
00000b70  __TI_Handler_Table_Base       
00000b78  __TI_Handler_Table_Limit      
00000b80  __TI_CINIT_Base               
00000b88  __TI_CINIT_Limit              
20000000  __stack                       
20000000  __start___llvm_prf_cnts       
20000000  __stop___llvm_prf_cnts        
20000200  __STACK_END                   
20000200  __STACK_TOP                   
20000200  i                             
20000204  ui32SysClock                  
20000208  ui32LoadValue                 
ffffffff  __TI_pprof_out_hndl           
ffffffff  __TI_prof_data_size           
ffffffff  __TI_prof_data_start          
ffffffff  __binit__                     
ffffffff  __c_args__                    
ffffffff  binit                         
UNDEFED   __mpu_init                    
UNDEFED   _system_post_cinit            

[62 symbols]
